<?xml version="1.0"?>
<link_info>
   <banner>TI ARM Linker PC v15.12.1.LTS</banner>
   <copyright>Copyright (c) 1996-2015 Texas Instruments Incorporated</copyright>
   <link_time>0x585236eb</link_time>
   <link_errors>0x0</link_errors>
   <output_file>Quadcopter_Software_Port.out</output_file>
   <entry_point>
      <name>_c_int00</name>
      <address>0x42b1</address>
   </entry_point>
   <input_file_list>
      <input_file id="fl-2">
         <path>.\</path>
         <kind>object</kind>
         <file>Actuators.obj</file>
         <name>Actuators.obj</name>
      </input_file>
      <input_file id="fl-3">
         <path>.\</path>
         <kind>object</kind>
         <file>Communication.obj</file>
         <name>Communication.obj</name>
      </input_file>
      <input_file id="fl-4">
         <path>.\</path>
         <kind>object</kind>
         <file>ControlSystem.obj</file>
         <name>ControlSystem.obj</name>
      </input_file>
      <input_file id="fl-5">
         <path>.\</path>
         <kind>object</kind>
         <file>Filter.obj</file>
         <name>Filter.obj</name>
      </input_file>
      <input_file id="fl-6">
         <path>.\</path>
         <kind>object</kind>
         <file>Sensor.obj</file>
         <name>Sensor.obj</name>
      </input_file>
      <input_file id="fl-7">
         <path>.\</path>
         <kind>object</kind>
         <file>Timer.obj</file>
         <name>Timer.obj</name>
      </input_file>
      <input_file id="fl-8">
         <path>.\</path>
         <kind>object</kind>
         <file>main.obj</file>
         <name>main.obj</name>
      </input_file>
      <input_file id="fl-9">
         <path>.\</path>
         <kind>object</kind>
         <file>tm4c123gh6pm_startup_ccs.obj</file>
         <name>tm4c123gh6pm_startup_ccs.obj</name>
      </input_file>
      <input_file id="fl-c4">
         <path>H:\Programs\ti\ccsv6\tools\compiler\ti-cgt-arm_15.12.1.LTS\lib\</path>
         <kind>archive</kind>
         <file>rtsv7M4_T_le_v4SPD16_eabi.lib</file>
         <name>boot.obj</name>
      </input_file>
      <input_file id="fl-c5">
         <path>H:\Programs\ti\TivaWare\driverlib\ccs\Debug\</path>
         <kind>archive</kind>
         <file>driverlib.lib</file>
         <name>sysctl.obj</name>
      </input_file>
      <input_file id="fl-c6">
         <path>H:\Programs\ti\TivaWare\driverlib\ccs\Debug\</path>
         <kind>archive</kind>
         <file>driverlib.lib</file>
         <name>cpu.obj</name>
      </input_file>
      <input_file id="fl-c7">
         <path>H:\Programs\ti\TivaWare\driverlib\ccs\Debug\</path>
         <kind>archive</kind>
         <file>driverlib.lib</file>
         <name>interrupt.obj</name>
      </input_file>
      <input_file id="fl-c8">
         <path>H:\Programs\ti\ccsv6\tools\compiler\ti-cgt-arm_15.12.1.LTS\lib\</path>
         <kind>archive</kind>
         <file>rtsv7M4_T_le_v4SPD16_eabi.lib</file>
         <name>typeinfo_.obj</name>
      </input_file>
      <input_file id="fl-c9">
         <path>H:\Programs\ti\ccsv6\tools\compiler\ti-cgt-arm_15.12.1.LTS\lib\</path>
         <kind>archive</kind>
         <file>rtsv7M4_T_le_v4SPD16_eabi.lib</file>
         <name>delete.obj</name>
      </input_file>
      <input_file id="fl-ca">
         <path>H:\Programs\ti\ccsv6\tools\compiler\ti-cgt-arm_15.12.1.LTS\lib\</path>
         <kind>archive</kind>
         <file>rtsv7M4_T_le_v4SPD16_eabi.lib</file>
         <name>autoinit.obj</name>
      </input_file>
      <input_file id="fl-cb">
         <path>H:\Programs\ti\ccsv6\tools\compiler\ti-cgt-arm_15.12.1.LTS\lib\</path>
         <kind>archive</kind>
         <file>rtsv7M4_T_le_v4SPD16_eabi.lib</file>
         <name>copy_decompress_none.obj</name>
      </input_file>
      <input_file id="fl-cc">
         <path>H:\Programs\ti\ccsv6\tools\compiler\ti-cgt-arm_15.12.1.LTS\lib\</path>
         <kind>archive</kind>
         <file>rtsv7M4_T_le_v4SPD16_eabi.lib</file>
         <name>copy_decompress_rle.obj</name>
      </input_file>
      <input_file id="fl-cd">
         <path>H:\Programs\ti\ccsv6\tools\compiler\ti-cgt-arm_15.12.1.LTS\lib\</path>
         <kind>archive</kind>
         <file>rtsv7M4_T_le_v4SPD16_eabi.lib</file>
         <name>copy_zero_init.obj</name>
      </input_file>
      <input_file id="fl-ce">
         <path>H:\Programs\ti\ccsv6\tools\compiler\ti-cgt-arm_15.12.1.LTS\lib\</path>
         <kind>archive</kind>
         <file>rtsv7M4_T_le_v4SPD16_eabi.lib</file>
         <name>fd_cmp_t2.obj</name>
      </input_file>
      <input_file id="fl-cf">
         <path>H:\Programs\ti\ccsv6\tools\compiler\ti-cgt-arm_15.12.1.LTS\lib\</path>
         <kind>archive</kind>
         <file>rtsv7M4_T_le_v4SPD16_eabi.lib</file>
         <name>fd_tos_t2.obj</name>
      </input_file>
      <input_file id="fl-d0">
         <path>H:\Programs\ti\ccsv6\tools\compiler\ti-cgt-arm_15.12.1.LTS\lib\</path>
         <kind>archive</kind>
         <file>rtsv7M4_T_le_v4SPD16_eabi.lib</file>
         <name>fd_toi_t2.obj</name>
      </input_file>
      <input_file id="fl-d1">
         <path>H:\Programs\ti\ccsv6\tools\compiler\ti-cgt-arm_15.12.1.LTS\lib\</path>
         <kind>archive</kind>
         <file>rtsv7M4_T_le_v4SPD16_eabi.lib</file>
         <name>fd_add_t2.obj</name>
      </input_file>
      <input_file id="fl-d2">
         <path>H:\Programs\ti\ccsv6\tools\compiler\ti-cgt-arm_15.12.1.LTS\lib\</path>
         <kind>archive</kind>
         <file>rtsv7M4_T_le_v4SPD16_eabi.lib</file>
         <name>fd_div_t2.obj</name>
      </input_file>
      <input_file id="fl-d3">
         <path>H:\Programs\ti\ccsv6\tools\compiler\ti-cgt-arm_15.12.1.LTS\lib\</path>
         <kind>archive</kind>
         <file>rtsv7M4_T_le_v4SPD16_eabi.lib</file>
         <name>fd_mul_t2.obj</name>
      </input_file>
      <input_file id="fl-d4">
         <path>H:\Programs\ti\ccsv6\tools\compiler\ti-cgt-arm_15.12.1.LTS\lib\</path>
         <kind>archive</kind>
         <file>rtsv7M4_T_le_v4SPD16_eabi.lib</file>
         <name>fs_tod_t2.obj</name>
      </input_file>
      <input_file id="fl-d5">
         <path>H:\Programs\ti\ccsv6\tools\compiler\ti-cgt-arm_15.12.1.LTS\lib\</path>
         <kind>archive</kind>
         <file>rtsv7M4_T_le_v4SPD16_eabi.lib</file>
         <name>i_tofd_t2.obj</name>
      </input_file>
      <input_file id="fl-d6">
         <path>H:\Programs\ti\ccsv6\tools\compiler\ti-cgt-arm_15.12.1.LTS\lib\</path>
         <kind>archive</kind>
         <file>rtsv7M4_T_le_v4SPD16_eabi.lib</file>
         <name>pure_virt.obj</name>
      </input_file>
      <input_file id="fl-d7">
         <path>H:\Programs\ti\ccsv6\tools\compiler\ti-cgt-arm_15.12.1.LTS\lib\</path>
         <kind>archive</kind>
         <file>rtsv7M4_T_le_v4SPD16_eabi.lib</file>
         <name>error.obj</name>
      </input_file>
      <input_file id="fl-d8">
         <path>H:\Programs\ti\ccsv6\tools\compiler\ti-cgt-arm_15.12.1.LTS\lib\</path>
         <kind>archive</kind>
         <file>rtsv7M4_T_le_v4SPD16_eabi.lib</file>
         <name>mpu_init.obj</name>
      </input_file>
      <input_file id="fl-d9">
         <path>H:\Programs\ti\ccsv6\tools\compiler\ti-cgt-arm_15.12.1.LTS\lib\</path>
         <kind>archive</kind>
         <file>rtsv7M4_T_le_v4SPD16_eabi.lib</file>
         <name>args_main.obj</name>
      </input_file>
      <input_file id="fl-da">
         <path>H:\Programs\ti\ccsv6\tools\compiler\ti-cgt-arm_15.12.1.LTS\lib\</path>
         <kind>archive</kind>
         <file>rtsv7M4_T_le_v4SPD16_eabi.lib</file>
         <name>startup.obj</name>
      </input_file>
      <input_file id="fl-db">
         <path>H:\Programs\ti\ccsv6\tools\compiler\ti-cgt-arm_15.12.1.LTS\lib\</path>
         <kind>archive</kind>
         <file>rtsv7M4_T_le_v4SPD16_eabi.lib</file>
         <name>pre_init.obj</name>
      </input_file>
      <input_file id="fl-dc">
         <path>H:\Programs\ti\ccsv6\tools\compiler\ti-cgt-arm_15.12.1.LTS\lib\</path>
         <kind>archive</kind>
         <file>rtsv7M4_T_le_v4SPD16_eabi.lib</file>
         <name>exit.obj</name>
      </input_file>
      <input_file id="fl-dd">
         <path>H:\Programs\ti\ccsv6\tools\compiler\ti-cgt-arm_15.12.1.LTS\lib\</path>
         <kind>archive</kind>
         <file>rtsv7M4_T_le_v4SPD16_eabi.lib</file>
         <name>_lock.obj</name>
      </input_file>
      <input_file id="fl-de">
         <path>H:\Programs\ti\ccsv6\tools\compiler\ti-cgt-arm_15.12.1.LTS\lib\</path>
         <kind>archive</kind>
         <file>rtsv7M4_T_le_v4SPD16_eabi.lib</file>
         <name>s_atan.obj</name>
      </input_file>
      <input_file id="fl-df">
         <path>H:\Programs\ti\ccsv6\tools\compiler\ti-cgt-arm_15.12.1.LTS\lib\</path>
         <kind>archive</kind>
         <file>rtsv7M4_T_le_v4SPD16_eabi.lib</file>
         <name>e_atan2.obj</name>
      </input_file>
      <input_file id="fl-e0">
         <path>H:\Programs\ti\ccsv6\tools\compiler\ti-cgt-arm_15.12.1.LTS\lib\</path>
         <kind>archive</kind>
         <file>rtsv7M4_T_le_v4SPD16_eabi.lib</file>
         <name>cpy_tbl.obj</name>
      </input_file>
      <input_file id="fl-e1">
         <path>H:\Programs\ti\ccsv6\tools\compiler\ti-cgt-arm_15.12.1.LTS\lib\</path>
         <kind>archive</kind>
         <file>rtsv7M4_T_le_v4SPD16_eabi.lib</file>
         <name>s_cosf.obj</name>
      </input_file>
      <input_file id="fl-e2">
         <path>H:\Programs\ti\ccsv6\tools\compiler\ti-cgt-arm_15.12.1.LTS\lib\</path>
         <kind>archive</kind>
         <file>rtsv7M4_T_le_v4SPD16_eabi.lib</file>
         <name>memory.obj</name>
      </input_file>
      <input_file id="fl-e3">
         <path>H:\Programs\ti\ccsv6\tools\compiler\ti-cgt-arm_15.12.1.LTS\lib\</path>
         <kind>archive</kind>
         <file>rtsv7M4_T_le_v4SPD16_eabi.lib</file>
         <name>stkdepth_vars.obj</name>
      </input_file>
      <input_file id="fl-e4">
         <path>H:\Programs\ti\ccsv6\tools\compiler\ti-cgt-arm_15.12.1.LTS\lib\</path>
         <kind>archive</kind>
         <file>rtsv7M4_T_le_v4SPD16_eabi.lib</file>
         <name>memcpy_t2.obj</name>
      </input_file>
      <input_file id="fl-e5">
         <path>H:\Programs\ti\ccsv6\tools\compiler\ti-cgt-arm_15.12.1.LTS\lib\</path>
         <kind>archive</kind>
         <file>rtsv7M4_T_le_v4SPD16_eabi.lib</file>
         <name>memset_t2.obj</name>
      </input_file>
      <input_file id="fl-e6">
         <path>H:\Programs\ti\ccsv6\tools\compiler\ti-cgt-arm_15.12.1.LTS\lib\</path>
         <kind>archive</kind>
         <file>rtsv7M4_T_le_v4SPD16_eabi.lib</file>
         <name>e_pow.obj</name>
      </input_file>
      <input_file id="fl-e7">
         <path>H:\Programs\ti\ccsv6\tools\compiler\ti-cgt-arm_15.12.1.LTS\lib\</path>
         <kind>archive</kind>
         <file>rtsv7M4_T_le_v4SPD16_eabi.lib</file>
         <name>errno.obj</name>
      </input_file>
      <input_file id="fl-e8">
         <path>H:\Programs\ti\ccsv6\tools\compiler\ti-cgt-arm_15.12.1.LTS\lib\</path>
         <kind>archive</kind>
         <file>rtsv7M4_T_le_v4SPD16_eabi.lib</file>
         <name>s_scalbn.obj</name>
      </input_file>
      <input_file id="fl-e9">
         <path>H:\Programs\ti\ccsv6\tools\compiler\ti-cgt-arm_15.12.1.LTS\lib\</path>
         <kind>archive</kind>
         <file>rtsv7M4_T_le_v4SPD16_eabi.lib</file>
         <name>s_copysign.obj</name>
      </input_file>
      <input_file id="fl-ea">
         <path>H:\Programs\ti\ccsv6\tools\compiler\ti-cgt-arm_15.12.1.LTS\lib\</path>
         <kind>archive</kind>
         <file>rtsv7M4_T_le_v4SPD16_eabi.lib</file>
         <name>s_sinf.obj</name>
      </input_file>
      <input_file id="fl-eb">
         <path>H:\Programs\ti\ccsv6\tools\compiler\ti-cgt-arm_15.12.1.LTS\lib\</path>
         <kind>archive</kind>
         <file>rtsv7M4_T_le_v4SPD16_eabi.lib</file>
         <name>e_sqrt.obj</name>
      </input_file>
   </input_file_list>
   <object_component_list>
      <object_component id="oc-f">
         <name>.intvecs</name>
         <load_address>0x0</load_address>
         <run_address>0x0</run_address>
         <size>0x26c</size>
         <input_file_ref idref="fl-9"/>
      </object_component>
      <object_component id="oc-15e">
         <name>.text</name>
         <load_address>0x26c</load_address>
         <run_address>0x26c</run_address>
         <size>0x9ac</size>
         <input_file_ref idref="fl-e6"/>
      </object_component>
      <object_component id="oc-34">
         <name>.text</name>
         <load_address>0xc18</load_address>
         <run_address>0xc18</run_address>
         <size>0x6c4</size>
         <input_file_ref idref="fl-8"/>
      </object_component>
      <object_component id="oc-a0">
         <name>.text</name>
         <load_address>0x12dc</load_address>
         <run_address>0x12dc</run_address>
         <size>0x64c</size>
         <input_file_ref idref="fl-6"/>
      </object_component>
      <object_component id="oc-ac">
         <name>.text</name>
         <load_address>0x1928</load_address>
         <run_address>0x1928</run_address>
         <size>0x548</size>
         <input_file_ref idref="fl-2"/>
      </object_component>
      <object_component id="oc-be">
         <name>.text</name>
         <load_address>0x1e70</load_address>
         <run_address>0x1e70</run_address>
         <size>0x4fc</size>
         <input_file_ref idref="fl-4"/>
      </object_component>
      <object_component id="oc-b8">
         <name>.text</name>
         <load_address>0x236c</load_address>
         <run_address>0x236c</run_address>
         <size>0x4dc</size>
         <input_file_ref idref="fl-5"/>
      </object_component>
      <object_component id="oc-a6">
         <name>.text</name>
         <load_address>0x2848</load_address>
         <run_address>0x2848</run_address>
         <size>0x498</size>
         <input_file_ref idref="fl-3"/>
      </object_component>
      <object_component id="oc-2df">
         <name>.text</name>
         <load_address>0x2ce0</load_address>
         <run_address>0x2ce0</run_address>
         <size>0x3dc</size>
         <input_file_ref idref="fl-e2"/>
      </object_component>
      <object_component id="oc-174">
         <name>.text</name>
         <load_address>0x30bc</load_address>
         <run_address>0x30bc</run_address>
         <size>0x2ec</size>
         <input_file_ref idref="fl-de"/>
      </object_component>
      <object_component id="oc-195">
         <name>.text</name>
         <load_address>0x33a8</load_address>
         <run_address>0x33a8</run_address>
         <size>0x1ec</size>
         <input_file_ref idref="fl-df"/>
      </object_component>
      <object_component id="oc-164">
         <name>.text</name>
         <load_address>0x3594</load_address>
         <run_address>0x3594</run_address>
         <size>0x1b6</size>
         <input_file_ref idref="fl-d1"/>
      </object_component>
      <object_component id="oc-62">
         <name>.text</name>
         <load_address>0x374a</load_address>
         <run_address>0x374a</run_address>
         <size>0x2</size>
         <input_file_ref idref="fl-d8"/>
      </object_component>
      <object_component id="oc-169">
         <name>.text</name>
         <load_address>0x374c</load_address>
         <run_address>0x374c</run_address>
         <size>0x170</size>
         <input_file_ref idref="fl-eb"/>
      </object_component>
      <object_component id="oc-16f">
         <name>.text</name>
         <load_address>0x38bc</load_address>
         <run_address>0x38bc</run_address>
         <size>0x136</size>
         <input_file_ref idref="fl-d2"/>
      </object_component>
      <object_component id="oc-17a">
         <name>.text</name>
         <load_address>0x39f2</load_address>
         <run_address>0x39f2</run_address>
         <size>0xfc</size>
         <input_file_ref idref="fl-d3"/>
      </object_component>
      <object_component id="oc-111">
         <name>.text</name>
         <load_address>0x3aee</load_address>
         <run_address>0x3aee</run_address>
         <size>0x2</size>
         <input_file_ref idref="fl-da"/>
      </object_component>
      <object_component id="oc-216">
         <name>.text</name>
         <load_address>0x3af0</load_address>
         <run_address>0x3af0</run_address>
         <size>0xfc</size>
         <input_file_ref idref="fl-e8"/>
      </object_component>
      <object_component id="oc-8c">
         <name>.text:SysCtlClockSet</name>
         <load_address>0x3bec</load_address>
         <run_address>0x3bec</run_address>
         <size>0xf0</size>
         <input_file_ref idref="fl-c5"/>
      </object_component>
      <object_component id="oc-288">
         <name>.text</name>
         <load_address>0x3cdc</load_address>
         <run_address>0x3cdc</run_address>
         <size>0xbc</size>
         <input_file_ref idref="fl-c8"/>
      </object_component>
      <object_component id="oc-189">
         <name>.text</name>
         <load_address>0x3d98</load_address>
         <run_address>0x3d98</run_address>
         <size>0xb4</size>
         <input_file_ref idref="fl-e1"/>
      </object_component>
      <object_component id="oc-18f">
         <name>.text</name>
         <load_address>0x3e4c</load_address>
         <run_address>0x3e4c</run_address>
         <size>0xa4</size>
         <input_file_ref idref="fl-ea"/>
      </object_component>
      <object_component id="oc-3d">
         <name>.text</name>
         <load_address>0x3ef0</load_address>
         <run_address>0x3ef0</run_address>
         <size>0x9c</size>
         <input_file_ref idref="fl-e4"/>
      </object_component>
      <object_component id="oc-211">
         <name>.text:__aeabi_cdcmple</name>
         <load_address>0x3f8c</load_address>
         <run_address>0x3f8c</run_address>
         <size>0x86</size>
         <input_file_ref idref="fl-ce"/>
      </object_component>
      <object_component id="oc-1a3">
         <name>.text:__aeabi_cdrcmple</name>
         <load_address>0x4012</load_address>
         <run_address>0x4012</run_address>
         <size>0x86</size>
         <input_file_ref idref="fl-ce"/>
      </object_component>
      <object_component id="oc-56">
         <name>.text</name>
         <load_address>0x4098</load_address>
         <run_address>0x4098</run_address>
         <size>0x7a</size>
         <input_file_ref idref="fl-e5"/>
      </object_component>
      <object_component id="oc-6e">
         <name>.text</name>
         <load_address>0x4114</load_address>
         <run_address>0x4114</run_address>
         <size>0x70</size>
         <input_file_ref idref="fl-ca"/>
      </object_component>
      <object_component id="oc-184">
         <name>.text</name>
         <load_address>0x4184</load_address>
         <run_address>0x4184</run_address>
         <size>0x6e</size>
         <input_file_ref idref="fl-cf"/>
      </object_component>
      <object_component id="oc-49">
         <name>.text</name>
         <load_address>0x41f2</load_address>
         <run_address>0x41f2</run_address>
         <size>0x6a</size>
         <input_file_ref idref="fl-cc"/>
      </object_component>
      <object_component id="oc-b2">
         <name>.text</name>
         <load_address>0x425c</load_address>
         <run_address>0x425c</run_address>
         <size>0x54</size>
         <input_file_ref idref="fl-7"/>
      </object_component>
      <object_component id="oc-24">
         <name>.text</name>
         <load_address>0x42b0</load_address>
         <run_address>0x42b0</run_address>
         <size>0x54</size>
         <input_file_ref idref="fl-c4"/>
      </object_component>
      <object_component id="oc-7a">
         <name>.text</name>
         <load_address>0x4304</load_address>
         <run_address>0x4304</run_address>
         <size>0x54</size>
         <input_file_ref idref="fl-dc"/>
      </object_component>
      <object_component id="oc-10b">
         <name>.text</name>
         <load_address>0x4358</load_address>
         <run_address>0x4358</run_address>
         <size>0x4c</size>
         <input_file_ref idref="fl-e0"/>
      </object_component>
      <object_component id="oc-17f">
         <name>.text</name>
         <load_address>0x43a4</load_address>
         <run_address>0x43a4</run_address>
         <size>0x48</size>
         <input_file_ref idref="fl-d0"/>
      </object_component>
      <object_component id="oc-159">
         <name>.text</name>
         <load_address>0x43ec</load_address>
         <run_address>0x43ec</run_address>
         <size>0x38</size>
         <input_file_ref idref="fl-d4"/>
      </object_component>
      <object_component id="oc-19b">
         <name>.text</name>
         <load_address>0x4424</load_address>
         <run_address>0x4424</run_address>
         <size>0x2e</size>
         <input_file_ref idref="fl-d5"/>
      </object_component>
      <object_component id="oc-99">
         <name>.text:_ZN4GyroC1Ev</name>
         <load_address>0x4454</load_address>
         <run_address>0x4454</run_address>
         <size>0x18</size>
         <input_file_ref idref="fl-6"/>
      </object_component>
      <object_component id="oc-92">
         <name>.text:_ZN5AccelC1Ev</name>
         <load_address>0x446c</load_address>
         <run_address>0x446c</run_address>
         <size>0x18</size>
         <input_file_ref idref="fl-6"/>
      </object_component>
      <object_component id="oc-1ec">
         <name>.text:_ZN6SensorC1Ev</name>
         <load_address>0x4484</load_address>
         <run_address>0x4484</run_address>
         <size>0x18</size>
         <input_file_ref idref="fl-6"/>
      </object_component>
      <object_component id="oc-74">
         <name>.text</name>
         <load_address>0x449c</load_address>
         <run_address>0x449c</run_address>
         <size>0x18</size>
         <input_file_ref idref="fl-d9"/>
      </object_component>
      <object_component id="oc-1d4">
         <name>.text</name>
         <load_address>0x44b4</load_address>
         <run_address>0x44b4</run_address>
         <size>0x14</size>
         <input_file_ref idref="fl-dd"/>
      </object_component>
      <object_component id="oc-266">
         <name>.text</name>
         <load_address>0x44c8</load_address>
         <run_address>0x44c8</run_address>
         <size>0x14</size>
         <input_file_ref idref="fl-e9"/>
      </object_component>
      <object_component id="oc-12">
         <name>.text:decompress:none</name>
         <load_address>0x44dc</load_address>
         <run_address>0x44dc</run_address>
         <size>0xe</size>
         <input_file_ref idref="fl-cb"/>
      </object_component>
      <object_component id="oc-137">
         <name>.text:_ZN6SensorC2Ev</name>
         <load_address>0x44ea</load_address>
         <run_address>0x44ea</run_address>
         <size>0xc</size>
         <input_file_ref idref="fl-6"/>
      </object_component>
      <object_component id="oc-2e">
         <name>.text</name>
         <load_address>0x44f6</load_address>
         <run_address>0x44f6</run_address>
         <size>0xc</size>
         <input_file_ref idref="fl-9"/>
      </object_component>
      <object_component id="oc-2b1">
         <name>.text</name>
         <load_address>0x4502</load_address>
         <run_address>0x4502</run_address>
         <size>0x8</size>
         <input_file_ref idref="fl-c9"/>
      </object_component>
      <object_component id="oc-134">
         <name>.text:SysCtlDelay</name>
         <load_address>0x450a</load_address>
         <run_address>0x450a</run_address>
         <size>0x6</size>
         <input_file_ref idref="fl-c5"/>
      </object_component>
      <object_component id="oc-18">
         <name>.text:decompress:rle24</name>
         <load_address>0x4510</load_address>
         <run_address>0x4510</run_address>
         <size>0x6</size>
         <input_file_ref idref="fl-cc"/>
      </object_component>
      <object_component id="oc-27d">
         <name>.text</name>
         <load_address>0x4516</load_address>
         <run_address>0x4516</run_address>
         <size>0x6</size>
         <input_file_ref idref="fl-d6"/>
      </object_component>
      <object_component id="oc-2a0">
         <name>.text</name>
         <load_address>0x451c</load_address>
         <run_address>0x451c</run_address>
         <size>0x4</size>
         <input_file_ref idref="fl-d7"/>
      </object_component>
      <object_component id="oc-68">
         <name>.text</name>
         <load_address>0x4520</load_address>
         <run_address>0x4520</run_address>
         <size>0x4</size>
         <input_file_ref idref="fl-db"/>
      </object_component>
      <object_component id="oc-228">
         <name>.const:$O1$$</name>
         <load_address>0x4528</load_address>
         <run_address>0x4528</run_address>
         <size>0x98</size>
         <input_file_ref idref="fl-de"/>
      </object_component>
      <object_component id="oc-20e">
         <name>.const:$O1$$</name>
         <load_address>0x45c0</load_address>
         <run_address>0x45c0</run_address>
         <size>0x30</size>
         <input_file_ref idref="fl-e6"/>
      </object_component>
      <object_component id="oc-326">
         <name>.const:.typeinfo:_ZTSN10__cxxabiv123__fundamental_type_infoE</name>
         <load_address>0x45f0</load_address>
         <run_address>0x45f0</run_address>
         <size>0x28</size>
         <input_file_ref idref="fl-c8"/>
      </object_component>
      <object_component id="oc-2a7">
         <name>.const:.typeinfo:_ZTSN10__cxxabiv120__si_class_type_infoE</name>
         <load_address>0x4618</load_address>
         <run_address>0x4618</run_address>
         <size>0x25</size>
         <input_file_ref idref="fl-c8"/>
      </object_component>
      <object_component id="oc-312">
         <name>.const:.typeinfo:_ZTSN10__cxxabiv119__pointer_type_infoE</name>
         <load_address>0x463d</load_address>
         <run_address>0x463d</run_address>
         <size>0x24</size>
         <input_file_ref idref="fl-c8"/>
      </object_component>
      <object_component id="oc-2d5">
         <name>.const:.typeinfo:_ZTSN10__cxxabiv117__class_type_infoE</name>
         <load_address>0x4661</load_address>
         <run_address>0x4661</run_address>
         <size>0x22</size>
         <input_file_ref idref="fl-c8"/>
      </object_component>
      <object_component id="oc-321">
         <name>.const:.typeinfo:_ZTSN10__cxxabiv117__pbase_type_infoE</name>
         <load_address>0x4683</load_address>
         <run_address>0x4683</run_address>
         <size>0x22</size>
         <input_file_ref idref="fl-c8"/>
      </object_component>
      <object_component id="oc-30b">
         <name>.const:.typeinfo:_ZTSe</name>
         <load_address>0x46a5</load_address>
         <run_address>0x46a5</run_address>
         <size>0x2</size>
         <input_file_ref idref="fl-c8"/>
      </object_component>
      <object_component id="oc-145">
         <name>.const:_ZTV4Gyro</name>
         <load_address>0x46a8</load_address>
         <run_address>0x46a8</run_address>
         <size>0x14</size>
         <input_file_ref idref="fl-6"/>
      </object_component>
      <object_component id="oc-13e">
         <name>.const:_ZTV5Accel</name>
         <load_address>0x46bc</load_address>
         <run_address>0x46bc</run_address>
         <size>0x14</size>
         <input_file_ref idref="fl-6"/>
      </object_component>
      <object_component id="oc-14a">
         <name>.const:_ZTV5Magne</name>
         <load_address>0x46d0</load_address>
         <run_address>0x46d0</run_address>
         <size>0x14</size>
         <input_file_ref idref="fl-6"/>
      </object_component>
      <object_component id="oc-243">
         <name>.const:_ZTV6Sensor</name>
         <load_address>0x46e4</load_address>
         <run_address>0x46e4</run_address>
         <size>0x14</size>
         <input_file_ref idref="fl-6"/>
      </object_component>
      <object_component id="oc-2b8">
         <name>.const:.typeinfo:_ZTIPKe</name>
         <load_address>0x46f8</load_address>
         <run_address>0x46f8</run_address>
         <size>0x10</size>
         <input_file_ref idref="fl-c8"/>
      </object_component>
      <object_component id="oc-291">
         <name>.const:_ZTVN10__cxxabiv117__class_type_infoE</name>
         <load_address>0x4708</load_address>
         <run_address>0x4708</run_address>
         <size>0x10</size>
         <input_file_ref idref="fl-c8"/>
      </object_component>
      <object_component id="oc-2e7">
         <name>.const:_ZTVN10__cxxabiv119__pointer_type_infoE</name>
         <load_address>0x4718</load_address>
         <run_address>0x4718</run_address>
         <size>0x10</size>
         <input_file_ref idref="fl-c8"/>
      </object_component>
      <object_component id="oc-248">
         <name>.const:_ZTVN10__cxxabiv120__si_class_type_infoE</name>
         <load_address>0x4728</load_address>
         <run_address>0x4728</run_address>
         <size>0x10</size>
         <input_file_ref idref="fl-c8"/>
      </object_component>
      <object_component id="oc-306">
         <name>.const:_ZTVN10__cxxabiv123__fundamental_type_infoE</name>
         <load_address>0x4738</load_address>
         <run_address>0x4738</run_address>
         <size>0x10</size>
         <input_file_ref idref="fl-c8"/>
      </object_component>
      <object_component id="oc-2f6">
         <name>.const:.typeinfo:_ZTSSt9type_info</name>
         <load_address>0x4748</load_address>
         <run_address>0x4748</run_address>
         <size>0xd</size>
         <input_file_ref idref="fl-c8"/>
      </object_component>
      <object_component id="oc-1fa">
         <name>.const:.typeinfo:_ZTI4Gyro</name>
         <load_address>0x4758</load_address>
         <run_address>0x4758</run_address>
         <size>0xc</size>
         <input_file_ref idref="fl-6"/>
      </object_component>
      <object_component id="oc-1f3">
         <name>.const:.typeinfo:_ZTI5Accel</name>
         <load_address>0x4764</load_address>
         <run_address>0x4764</run_address>
         <size>0xc</size>
         <input_file_ref idref="fl-6"/>
      </object_component>
      <object_component id="oc-1ff">
         <name>.const:.typeinfo:_ZTI5Magne</name>
         <load_address>0x4770</load_address>
         <run_address>0x4770</run_address>
         <size>0xc</size>
         <input_file_ref idref="fl-6"/>
      </object_component>
      <object_component id="oc-2ac">
         <name>.const:.typeinfo:_ZTIN10__cxxabiv117__class_type_infoE</name>
         <load_address>0x477c</load_address>
         <run_address>0x477c</run_address>
         <size>0xc</size>
         <input_file_ref idref="fl-c8"/>
      </object_component>
      <object_component id="oc-317">
         <name>.const:.typeinfo:_ZTIN10__cxxabiv117__pbase_type_infoE</name>
         <load_address>0x4788</load_address>
         <run_address>0x4788</run_address>
         <size>0xc</size>
         <input_file_ref idref="fl-c8"/>
      </object_component>
      <object_component id="oc-301">
         <name>.const:.typeinfo:_ZTIN10__cxxabiv119__pointer_type_infoE</name>
         <load_address>0x4794</load_address>
         <run_address>0x4794</run_address>
         <size>0xc</size>
         <input_file_ref idref="fl-c8"/>
      </object_component>
      <object_component id="oc-283">
         <name>.const:.typeinfo:_ZTIN10__cxxabiv120__si_class_type_infoE</name>
         <load_address>0x47a0</load_address>
         <run_address>0x47a0</run_address>
         <size>0xc</size>
         <input_file_ref idref="fl-c8"/>
      </object_component>
      <object_component id="oc-31c">
         <name>.const:.typeinfo:_ZTIN10__cxxabiv123__fundamental_type_infoE</name>
         <load_address>0x47ac</load_address>
         <run_address>0x47ac</run_address>
         <size>0xc</size>
         <input_file_ref idref="fl-c8"/>
      </object_component>
      <object_component id="oc-252">
         <name>.const:.typeinfo:_ZTI6Sensor</name>
         <load_address>0x47b8</load_address>
         <run_address>0x47b8</run_address>
         <size>0x8</size>
         <input_file_ref idref="fl-6"/>
      </object_component>
      <object_component id="oc-2da">
         <name>.const:.typeinfo:_ZTISt9type_info</name>
         <load_address>0x47c0</load_address>
         <run_address>0x47c0</run_address>
         <size>0x8</size>
         <input_file_ref idref="fl-c8"/>
      </object_component>
      <object_component id="oc-2f1">
         <name>.const:.typeinfo:_ZTIe</name>
         <load_address>0x47c8</load_address>
         <run_address>0x47c8</run_address>
         <size>0x8</size>
         <input_file_ref idref="fl-c8"/>
      </object_component>
      <object_component id="oc-296">
         <name>.const:.typeinfo:_ZTS6Sensor</name>
         <load_address>0x47d0</load_address>
         <run_address>0x47d0</run_address>
         <size>0x8</size>
         <input_file_ref idref="fl-6"/>
      </object_component>
      <object_component id="oc-24d">
         <name>.const:.typeinfo:_ZTS5Accel</name>
         <load_address>0x47d8</load_address>
         <run_address>0x47d8</run_address>
         <size>0x7</size>
         <input_file_ref idref="fl-6"/>
      </object_component>
      <object_component id="oc-25c">
         <name>.const:.typeinfo:_ZTS5Magne</name>
         <load_address>0x47df</load_address>
         <run_address>0x47df</run_address>
         <size>0x7</size>
         <input_file_ref idref="fl-6"/>
      </object_component>
      <object_component id="oc-257">
         <name>.const:.typeinfo:_ZTS4Gyro</name>
         <load_address>0x47e6</load_address>
         <run_address>0x47e6</run_address>
         <size>0x6</size>
         <input_file_ref idref="fl-6"/>
      </object_component>
      <object_component id="oc-2ec">
         <name>.const:.typeinfo:_ZTSPKe</name>
         <load_address>0x47ec</load_address>
         <run_address>0x47ec</run_address>
         <size>0x4</size>
         <input_file_ref idref="fl-c8"/>
      </object_component>
      <object_component id="oc-34c">
         <name>.cinit..data.load</name>
         <load_address>0x47f0</load_address>
         <run_address>0x47f0</run_address>
         <size>0x22</size>
      </object_component>
      <object_component id="oc-34d">
         <name>.cinit..bss.load</name>
         <load_address>0x4818</load_address>
         <run_address>0x4818</run_address>
         <size>0x9</size>
      </object_component>
      <object_component id="oc-34a">
         <name>__TI_handler_table</name>
         <load_address>0x4824</load_address>
         <run_address>0x4824</run_address>
         <size>0x8</size>
      </object_component>
      <object_component id="oc-34b">
         <name>__TI_cinit_table</name>
         <load_address>0x482c</load_address>
         <run_address>0x482c</run_address>
         <size>0x10</size>
      </object_component>
      <object_component id="oc-89">
         <name>.data</name>
         <load_address>0x20000228</load_address>
         <run_address>0x20000228</run_address>
         <size>0x1</size>
         <input_file_ref idref="fl-8"/>
      </object_component>
      <object_component id="oc-11b">
         <name>.data:$O1$$</name>
         <load_address>0x20000200</load_address>
         <run_address>0x20000200</run_address>
         <size>0xc</size>
         <input_file_ref idref="fl-dc"/>
      </object_component>
      <object_component id="oc-11e">
         <name>.data:$O1$$</name>
         <load_address>0x20000218</load_address>
         <run_address>0x20000218</run_address>
         <size>0x8</size>
         <input_file_ref idref="fl-dd"/>
      </object_component>
      <object_component id="oc-2fb">
         <name>.data:$O1$$</name>
         <load_address>0x2000020c</load_address>
         <run_address>0x2000020c</run_address>
         <size>0xc</size>
         <input_file_ref idref="fl-e2"/>
      </object_component>
      <object_component id="oc-80">
         <name>.data</name>
         <load_address>0x20000224</load_address>
         <run_address>0x20000224</run_address>
         <size>0x4</size>
         <input_file_ref idref="fl-e3"/>
      </object_component>
      <object_component id="oc-20b">
         <name>.data</name>
         <load_address>0x20000220</load_address>
         <run_address>0x20000220</run_address>
         <size>0x4</size>
         <input_file_ref idref="fl-e7"/>
      </object_component>
      <object_component id="oc-2b7">
         <name>.common:_ZSt16__dummy_typeinfo</name>
         <uninitialized>true</uninitialized>
         <run_address>0x2000022c</run_address>
         <size>0x4</size>
      </object_component>
      <object_component id="oc-2b">
         <name>.sysmem</name>
         <uninitialized>true</uninitialized>
         <run_address>0x20000230</run_address>
         <size>0x8</size>
         <input_file_ref idref="fl-e2"/>
      </object_component>
      <object_component id="oc-34f">
         <name>.sysmem</name>
         <uninitialized>true</uninitialized>
         <run_address>0x20000230</run_address>
         <size>0x0</size>
      </object_component>
      <object_component id="oc-2a">
         <name>.stack</name>
         <uninitialized>true</uninitialized>
         <run_address>0x20000000</run_address>
         <size>0x0</size>
         <input_file_ref idref="fl-c4"/>
      </object_component>
      <object_component id="oc-34e">
         <name>.stack</name>
         <uninitialized>true</uninitialized>
         <run_address>0x20000000</run_address>
         <size>0x0</size>
      </object_component>
      <object_component id="oc-154">
         <name>.debug_info</name>
         <load_address>0x0</load_address>
         <run_address>0x0</run_address>
         <size>0x28c</size>
         <input_file_ref idref="fl-2"/>
      </object_component>
      <object_component id="oc-ad">
         <name>.debug_info</name>
         <load_address>0x28c</load_address>
         <run_address>0x28c</run_address>
         <size>0x4df</size>
         <input_file_ref idref="fl-2"/>
      </object_component>
      <object_component id="oc-ea">
         <name>.debug_info</name>
         <load_address>0x76b</load_address>
         <run_address>0x76b</run_address>
         <size>0x75</size>
         <input_file_ref idref="fl-2"/>
      </object_component>
      <object_component id="oc-1b2">
         <name>.debug_info</name>
         <load_address>0x7e0</load_address>
         <run_address>0x7e0</run_address>
         <size>0xe5</size>
         <input_file_ref idref="fl-2"/>
      </object_component>
      <object_component id="oc-ca">
         <name>.debug_info</name>
         <load_address>0x8c5</load_address>
         <run_address>0x8c5</run_address>
         <size>0x84</size>
         <input_file_ref idref="fl-2"/>
      </object_component>
      <object_component id="oc-c5">
         <name>.debug_info</name>
         <load_address>0x949</load_address>
         <run_address>0x949</run_address>
         <size>0x18b</size>
         <input_file_ref idref="fl-2"/>
      </object_component>
      <object_component id="oc-1b7">
         <name>.debug_info</name>
         <load_address>0xad4</load_address>
         <run_address>0xad4</run_address>
         <size>0x67</size>
         <input_file_ref idref="fl-2"/>
      </object_component>
      <object_component id="oc-d1">
         <name>.debug_info</name>
         <load_address>0xb3b</load_address>
         <run_address>0xb3b</run_address>
         <size>0xc6</size>
         <input_file_ref idref="fl-2"/>
      </object_component>
      <object_component id="oc-151">
         <name>.debug_info</name>
         <load_address>0xc01</load_address>
         <run_address>0xc01</run_address>
         <size>0x1d1</size>
         <input_file_ref idref="fl-3"/>
      </object_component>
      <object_component id="oc-a7">
         <name>.debug_info</name>
         <load_address>0xdd2</load_address>
         <run_address>0xdd2</run_address>
         <size>0x79a</size>
         <input_file_ref idref="fl-3"/>
      </object_component>
      <object_component id="oc-1ae">
         <name>.debug_info</name>
         <load_address>0x156c</load_address>
         <run_address>0x156c</run_address>
         <size>0x2a0</size>
         <input_file_ref idref="fl-4"/>
      </object_component>
      <object_component id="oc-bf">
         <name>.debug_info</name>
         <load_address>0x180c</load_address>
         <run_address>0x180c</run_address>
         <size>0xcb6</size>
         <input_file_ref idref="fl-4"/>
      </object_component>
      <object_component id="oc-1a9">
         <name>.debug_info</name>
         <load_address>0x24c2</load_address>
         <run_address>0x24c2</run_address>
         <size>0xd0</size>
         <input_file_ref idref="fl-4"/>
      </object_component>
      <object_component id="oc-1a1">
         <name>.debug_info</name>
         <load_address>0x2592</load_address>
         <run_address>0x2592</run_address>
         <size>0x2f8</size>
         <input_file_ref idref="fl-5"/>
      </object_component>
      <object_component id="oc-b9">
         <name>.debug_info</name>
         <load_address>0x288a</load_address>
         <run_address>0x288a</run_address>
         <size>0x10fa</size>
         <input_file_ref idref="fl-5"/>
      </object_component>
      <object_component id="oc-db">
         <name>.debug_info</name>
         <load_address>0x3984</load_address>
         <run_address>0x3984</run_address>
         <size>0x122</size>
         <input_file_ref idref="fl-5"/>
      </object_component>
      <object_component id="oc-143">
         <name>.debug_info</name>
         <load_address>0x3aa6</load_address>
         <run_address>0x3aa6</run_address>
         <size>0x75b</size>
         <input_file_ref idref="fl-6"/>
      </object_component>
      <object_component id="oc-244">
         <name>.debug_info</name>
         <load_address>0x4201</load_address>
         <run_address>0x4201</run_address>
         <size>0x108</size>
         <input_file_ref idref="fl-6"/>
      </object_component>
      <object_component id="oc-14b">
         <name>.debug_info</name>
         <load_address>0x4309</load_address>
         <run_address>0x4309</run_address>
         <size>0x106</size>
         <input_file_ref idref="fl-6"/>
      </object_component>
      <object_component id="oc-13f">
         <name>.debug_info</name>
         <load_address>0x440f</load_address>
         <run_address>0x440f</run_address>
         <size>0x106</size>
         <input_file_ref idref="fl-6"/>
      </object_component>
      <object_component id="oc-146">
         <name>.debug_info</name>
         <load_address>0x4515</load_address>
         <run_address>0x4515</run_address>
         <size>0x104</size>
         <input_file_ref idref="fl-6"/>
      </object_component>
      <object_component id="oc-253">
         <name>.debug_info</name>
         <load_address>0x4619</load_address>
         <run_address>0x4619</run_address>
         <size>0xfa</size>
         <input_file_ref idref="fl-6"/>
      </object_component>
      <object_component id="oc-1f4">
         <name>.debug_info</name>
         <load_address>0x4713</load_address>
         <run_address>0x4713</run_address>
         <size>0xf8</size>
         <input_file_ref idref="fl-6"/>
      </object_component>
      <object_component id="oc-1fb">
         <name>.debug_info</name>
         <load_address>0x480b</load_address>
         <run_address>0x480b</run_address>
         <size>0xf6</size>
         <input_file_ref idref="fl-6"/>
      </object_component>
      <object_component id="oc-200">
         <name>.debug_info</name>
         <load_address>0x4901</load_address>
         <run_address>0x4901</run_address>
         <size>0xf8</size>
         <input_file_ref idref="fl-6"/>
      </object_component>
      <object_component id="oc-297">
         <name>.debug_info</name>
         <load_address>0x49f9</load_address>
         <run_address>0x49f9</run_address>
         <size>0xff</size>
         <input_file_ref idref="fl-6"/>
      </object_component>
      <object_component id="oc-24e">
         <name>.debug_info</name>
         <load_address>0x4af8</load_address>
         <run_address>0x4af8</run_address>
         <size>0xfd</size>
         <input_file_ref idref="fl-6"/>
      </object_component>
      <object_component id="oc-258">
         <name>.debug_info</name>
         <load_address>0x4bf5</load_address>
         <run_address>0x4bf5</run_address>
         <size>0xfb</size>
         <input_file_ref idref="fl-6"/>
      </object_component>
      <object_component id="oc-25d">
         <name>.debug_info</name>
         <load_address>0x4cf0</load_address>
         <run_address>0x4cf0</run_address>
         <size>0xfd</size>
         <input_file_ref idref="fl-6"/>
      </object_component>
      <object_component id="oc-1ed">
         <name>.debug_info</name>
         <load_address>0x4ded</load_address>
         <run_address>0x4ded</run_address>
         <size>0x125</size>
         <input_file_ref idref="fl-6"/>
      </object_component>
      <object_component id="oc-138">
         <name>.debug_info</name>
         <load_address>0x4f12</load_address>
         <run_address>0x4f12</run_address>
         <size>0x13b</size>
         <input_file_ref idref="fl-6"/>
      </object_component>
      <object_component id="oc-93">
         <name>.debug_info</name>
         <load_address>0x504d</load_address>
         <run_address>0x504d</run_address>
         <size>0x138</size>
         <input_file_ref idref="fl-6"/>
      </object_component>
      <object_component id="oc-9a">
         <name>.debug_info</name>
         <load_address>0x5185</load_address>
         <run_address>0x5185</run_address>
         <size>0x136</size>
         <input_file_ref idref="fl-6"/>
      </object_component>
      <object_component id="oc-a1">
         <name>.debug_info</name>
         <load_address>0x52bb</load_address>
         <run_address>0x52bb</run_address>
         <size>0x11d1</size>
         <input_file_ref idref="fl-6"/>
      </object_component>
      <object_component id="oc-d6">
         <name>.debug_info</name>
         <load_address>0x648c</load_address>
         <run_address>0x648c</run_address>
         <size>0x415</size>
         <input_file_ref idref="fl-6"/>
      </object_component>
      <object_component id="oc-157">
         <name>.debug_info</name>
         <load_address>0x68a1</load_address>
         <run_address>0x68a1</run_address>
         <size>0x170</size>
         <input_file_ref idref="fl-7"/>
      </object_component>
      <object_component id="oc-b3">
         <name>.debug_info</name>
         <load_address>0x6a11</load_address>
         <run_address>0x6a11</run_address>
         <size>0x15c</size>
         <input_file_ref idref="fl-7"/>
      </object_component>
      <object_component id="oc-e0">
         <name>.debug_info</name>
         <load_address>0x6b6d</load_address>
         <run_address>0x6b6d</run_address>
         <size>0x5c</size>
         <input_file_ref idref="fl-7"/>
      </object_component>
      <object_component id="oc-cf">
         <name>.debug_info</name>
         <load_address>0x6bc9</load_address>
         <run_address>0x6bc9</run_address>
         <size>0xd32</size>
         <input_file_ref idref="fl-8"/>
      </object_component>
      <object_component id="oc-8a">
         <name>.debug_info</name>
         <load_address>0x78fb</load_address>
         <run_address>0x78fb</run_address>
         <size>0xe2</size>
         <input_file_ref idref="fl-8"/>
      </object_component>
      <object_component id="oc-35">
         <name>.debug_info</name>
         <load_address>0x79dd</load_address>
         <run_address>0x79dd</run_address>
         <size>0xfa8</size>
         <input_file_ref idref="fl-8"/>
      </object_component>
      <object_component id="oc-e5">
         <name>.debug_info</name>
         <load_address>0x8985</load_address>
         <run_address>0x8985</run_address>
         <size>0xd0</size>
         <input_file_ref idref="fl-8"/>
      </object_component>
      <object_component id="oc-3c">
         <name>.debug_info</name>
         <load_address>0x8a55</load_address>
         <run_address>0x8a55</run_address>
         <size>0x13b</size>
         <input_file_ref idref="fl-9"/>
      </object_component>
      <object_component id="oc-10">
         <name>.debug_info</name>
         <load_address>0x8b90</load_address>
         <run_address>0x8b90</run_address>
         <size>0x104</size>
         <input_file_ref idref="fl-9"/>
      </object_component>
      <object_component id="oc-2f">
         <name>.debug_info</name>
         <load_address>0x8c94</load_address>
         <run_address>0x8c94</run_address>
         <size>0x280</size>
         <input_file_ref idref="fl-9"/>
      </object_component>
      <object_component id="oc-f1">
         <name>.debug_info</name>
         <load_address>0x8f14</load_address>
         <run_address>0x8f14</run_address>
         <size>0x18b</size>
         <input_file_ref idref="fl-9"/>
      </object_component>
      <object_component id="oc-25">
         <name>.debug_info</name>
         <load_address>0x909f</load_address>
         <run_address>0x909f</run_address>
         <size>0x17c</size>
         <input_file_ref idref="fl-c4"/>
      </object_component>
      <object_component id="oc-136">
         <name>.debug_info</name>
         <load_address>0x921b</load_address>
         <run_address>0x921b</run_address>
         <size>0x27f</size>
         <input_file_ref idref="fl-c5"/>
      </object_component>
      <object_component id="oc-90">
         <name>.debug_info</name>
         <load_address>0x949a</load_address>
         <run_address>0x949a</run_address>
         <size>0x2db</size>
         <input_file_ref idref="fl-c5"/>
      </object_component>
      <object_component id="oc-1e2">
         <name>.debug_info</name>
         <load_address>0x9775</load_address>
         <run_address>0x9775</run_address>
         <size>0x5f</size>
         <input_file_ref idref="fl-c5"/>
      </object_component>
      <object_component id="oc-1e7">
         <name>.debug_info</name>
         <load_address>0x97d4</load_address>
         <run_address>0x97d4</run_address>
         <size>0x8b</size>
         <input_file_ref idref="fl-c5"/>
      </object_component>
      <object_component id="oc-28e">
         <name>.debug_info</name>
         <load_address>0x985f</load_address>
         <run_address>0x985f</run_address>
         <size>0x699</size>
         <input_file_ref idref="fl-c8"/>
      </object_component>
      <object_component id="oc-292">
         <name>.debug_info</name>
         <load_address>0x9ef8</load_address>
         <run_address>0x9ef8</run_address>
         <size>0x169</size>
         <input_file_ref idref="fl-c8"/>
      </object_component>
      <object_component id="oc-307">
         <name>.debug_info</name>
         <load_address>0xa061</load_address>
         <run_address>0xa061</run_address>
         <size>0x175</size>
         <input_file_ref idref="fl-c8"/>
      </object_component>
      <object_component id="oc-2e8">
         <name>.debug_info</name>
         <load_address>0xa1d6</load_address>
         <run_address>0xa1d6</run_address>
         <size>0x16d</size>
         <input_file_ref idref="fl-c8"/>
      </object_component>
      <object_component id="oc-2f2">
         <name>.debug_info</name>
         <load_address>0xa343</load_address>
         <run_address>0xa343</run_address>
         <size>0x129</size>
         <input_file_ref idref="fl-c8"/>
      </object_component>
      <object_component id="oc-30c">
         <name>.debug_info</name>
         <load_address>0xa46c</load_address>
         <run_address>0xa46c</run_address>
         <size>0x12e</size>
         <input_file_ref idref="fl-c8"/>
      </object_component>
      <object_component id="oc-2b9">
         <name>.debug_info</name>
         <load_address>0xa59a</load_address>
         <run_address>0xa59a</run_address>
         <size>0x133</size>
         <input_file_ref idref="fl-c8"/>
      </object_component>
      <object_component id="oc-2ed">
         <name>.debug_info</name>
         <load_address>0xa6cd</load_address>
         <run_address>0xa6cd</run_address>
         <size>0x138</size>
         <input_file_ref idref="fl-c8"/>
      </object_component>
      <object_component id="oc-249">
         <name>.debug_info</name>
         <load_address>0xa805</load_address>
         <run_address>0xa805</run_address>
         <size>0x16f</size>
         <input_file_ref idref="fl-c8"/>
      </object_component>
      <object_component id="oc-2db">
         <name>.debug_info</name>
         <load_address>0xa974</load_address>
         <run_address>0xa974</run_address>
         <size>0x137</size>
         <input_file_ref idref="fl-c8"/>
      </object_component>
      <object_component id="oc-31d">
         <name>.debug_info</name>
         <load_address>0xaaab</load_address>
         <run_address>0xaaab</run_address>
         <size>0x167</size>
         <input_file_ref idref="fl-c8"/>
      </object_component>
      <object_component id="oc-2ad">
         <name>.debug_info</name>
         <load_address>0xac12</load_address>
         <run_address>0xac12</run_address>
         <size>0x15b</size>
         <input_file_ref idref="fl-c8"/>
      </object_component>
      <object_component id="oc-284">
         <name>.debug_info</name>
         <load_address>0xad6d</load_address>
         <run_address>0xad6d</run_address>
         <size>0x161</size>
         <input_file_ref idref="fl-c8"/>
      </object_component>
      <object_component id="oc-318">
         <name>.debug_info</name>
         <load_address>0xaece</load_address>
         <run_address>0xaece</run_address>
         <size>0x15b</size>
         <input_file_ref idref="fl-c8"/>
      </object_component>
      <object_component id="oc-302">
         <name>.debug_info</name>
         <load_address>0xb029</load_address>
         <run_address>0xb029</run_address>
         <size>0x15f</size>
         <input_file_ref idref="fl-c8"/>
      </object_component>
      <object_component id="oc-2f7">
         <name>.debug_info</name>
         <load_address>0xb188</load_address>
         <run_address>0xb188</run_address>
         <size>0x13c</size>
         <input_file_ref idref="fl-c8"/>
      </object_component>
      <object_component id="oc-327">
         <name>.debug_info</name>
         <load_address>0xb2c4</load_address>
         <run_address>0xb2c4</run_address>
         <size>0x16c</size>
         <input_file_ref idref="fl-c8"/>
      </object_component>
      <object_component id="oc-2d6">
         <name>.debug_info</name>
         <load_address>0xb430</load_address>
         <run_address>0xb430</run_address>
         <size>0x160</size>
         <input_file_ref idref="fl-c8"/>
      </object_component>
      <object_component id="oc-2a8">
         <name>.debug_info</name>
         <load_address>0xb590</load_address>
         <run_address>0xb590</run_address>
         <size>0x166</size>
         <input_file_ref idref="fl-c8"/>
      </object_component>
      <object_component id="oc-322">
         <name>.debug_info</name>
         <load_address>0xb6f6</load_address>
         <run_address>0xb6f6</run_address>
         <size>0x160</size>
         <input_file_ref idref="fl-c8"/>
      </object_component>
      <object_component id="oc-313">
         <name>.debug_info</name>
         <load_address>0xb856</load_address>
         <run_address>0xb856</run_address>
         <size>0x164</size>
         <input_file_ref idref="fl-c8"/>
      </object_component>
      <object_component id="oc-289">
         <name>.debug_info</name>
         <load_address>0xb9ba</load_address>
         <run_address>0xb9ba</run_address>
         <size>0x10c9</size>
         <input_file_ref idref="fl-c8"/>
      </object_component>
      <object_component id="oc-2c3">
         <name>.debug_info</name>
         <load_address>0xca83</load_address>
         <run_address>0xca83</run_address>
         <size>0x582</size>
         <input_file_ref idref="fl-c8"/>
      </object_component>
      <object_component id="oc-2ca">
         <name>.debug_info</name>
         <load_address>0xd005</load_address>
         <run_address>0xd005</run_address>
         <size>0x2c</size>
         <input_file_ref idref="fl-c8"/>
      </object_component>
      <object_component id="oc-2be">
         <name>.debug_info</name>
         <load_address>0xd031</load_address>
         <run_address>0xd031</run_address>
         <size>0xec</size>
         <input_file_ref idref="fl-c8"/>
      </object_component>
      <object_component id="oc-2e6">
         <name>.debug_info</name>
         <load_address>0xd11d</load_address>
         <run_address>0xd11d</run_address>
         <size>0x118</size>
         <input_file_ref idref="fl-c9"/>
      </object_component>
      <object_component id="oc-2b2">
         <name>.debug_info</name>
         <load_address>0xd235</load_address>
         <run_address>0xd235</run_address>
         <size>0x180</size>
         <input_file_ref idref="fl-c9"/>
      </object_component>
      <object_component id="oc-118">
         <name>.debug_info</name>
         <load_address>0xd3b5</load_address>
         <run_address>0xd3b5</run_address>
         <size>0x305</size>
         <input_file_ref idref="fl-ca"/>
      </object_component>
      <object_component id="oc-6f">
         <name>.debug_info</name>
         <load_address>0xd6ba</load_address>
         <run_address>0xd6ba</run_address>
         <size>0x1ac</size>
         <input_file_ref idref="fl-ca"/>
      </object_component>
      <object_component id="oc-1c1">
         <name>.debug_info</name>
         <load_address>0xd866</load_address>
         <run_address>0xd866</run_address>
         <size>0x39</size>
         <input_file_ref idref="fl-ca"/>
      </object_component>
      <object_component id="oc-1c6">
         <name>.debug_info</name>
         <load_address>0xd89f</load_address>
         <run_address>0xd89f</run_address>
         <size>0xcd</size>
         <input_file_ref idref="fl-ca"/>
      </object_component>
      <object_component id="oc-48">
         <name>.debug_info</name>
         <load_address>0xd96c</load_address>
         <run_address>0xd96c</run_address>
         <size>0x15c</size>
         <input_file_ref idref="fl-cb"/>
      </object_component>
      <object_component id="oc-13">
         <name>.debug_info</name>
         <load_address>0xdac8</load_address>
         <run_address>0xdac8</run_address>
         <size>0x1fb</size>
         <input_file_ref idref="fl-cb"/>
      </object_component>
      <object_component id="oc-43">
         <name>.debug_info</name>
         <load_address>0xdcc3</load_address>
         <run_address>0xdcc3</run_address>
         <size>0x46</size>
         <input_file_ref idref="fl-cb"/>
      </object_component>
      <object_component id="oc-f7">
         <name>.debug_info</name>
         <load_address>0xdd09</load_address>
         <run_address>0xdd09</run_address>
         <size>0x2c</size>
         <input_file_ref idref="fl-cb"/>
      </object_component>
      <object_component id="oc-50">
         <name>.debug_info</name>
         <load_address>0xdd35</load_address>
         <run_address>0xdd35</run_address>
         <size>0x150</size>
         <input_file_ref idref="fl-cc"/>
      </object_component>
      <object_component id="oc-4a">
         <name>.debug_info</name>
         <load_address>0xde85</load_address>
         <run_address>0xde85</run_address>
         <size>0x263</size>
         <input_file_ref idref="fl-cc"/>
      </object_component>
      <object_component id="oc-19">
         <name>.debug_info</name>
         <load_address>0xe0e8</load_address>
         <run_address>0xe0e8</run_address>
         <size>0x1cd</size>
         <input_file_ref idref="fl-cc"/>
      </object_component>
      <object_component id="oc-51">
         <name>.debug_info</name>
         <load_address>0xe2b5</load_address>
         <run_address>0xe2b5</run_address>
         <size>0x39</size>
         <input_file_ref idref="fl-cc"/>
      </object_component>
      <object_component id="oc-101">
         <name>.debug_info</name>
         <load_address>0xe2ee</load_address>
         <run_address>0xe2ee</run_address>
         <size>0x2c</size>
         <input_file_ref idref="fl-cc"/>
      </object_component>
      <object_component id="oc-212">
         <name>.debug_info</name>
         <load_address>0xe31a</load_address>
         <run_address>0xe31a</run_address>
         <size>0x13c</size>
         <input_file_ref idref="fl-ce"/>
      </object_component>
      <object_component id="oc-1a5">
         <name>.debug_info</name>
         <load_address>0xe456</load_address>
         <run_address>0xe456</run_address>
         <size>0x13e</size>
         <input_file_ref idref="fl-ce"/>
      </object_component>
      <object_component id="oc-185">
         <name>.debug_info</name>
         <load_address>0xe594</load_address>
         <run_address>0xe594</run_address>
         <size>0x152</size>
         <input_file_ref idref="fl-cf"/>
      </object_component>
      <object_component id="oc-180">
         <name>.debug_info</name>
         <load_address>0xe6e6</load_address>
         <run_address>0xe6e6</run_address>
         <size>0x142</size>
         <input_file_ref idref="fl-d0"/>
      </object_component>
      <object_component id="oc-165">
         <name>.debug_info</name>
         <load_address>0xe828</load_address>
         <run_address>0xe828</run_address>
         <size>0x160</size>
         <input_file_ref idref="fl-d1"/>
      </object_component>
      <object_component id="oc-170">
         <name>.debug_info</name>
         <load_address>0xe988</load_address>
         <run_address>0xe988</run_address>
         <size>0x14e</size>
         <input_file_ref idref="fl-d2"/>
      </object_component>
      <object_component id="oc-17b">
         <name>.debug_info</name>
         <load_address>0xead6</load_address>
         <run_address>0xead6</run_address>
         <size>0x14e</size>
         <input_file_ref idref="fl-d3"/>
      </object_component>
      <object_component id="oc-15a">
         <name>.debug_info</name>
         <load_address>0xec24</load_address>
         <run_address>0xec24</run_address>
         <size>0x140</size>
         <input_file_ref idref="fl-d4"/>
      </object_component>
      <object_component id="oc-19c">
         <name>.debug_info</name>
         <load_address>0xed64</load_address>
         <run_address>0xed64</run_address>
         <size>0x140</size>
         <input_file_ref idref="fl-d5"/>
      </object_component>
      <object_component id="oc-27e">
         <name>.debug_info</name>
         <load_address>0xeea4</load_address>
         <run_address>0xeea4</run_address>
         <size>0x180</size>
         <input_file_ref idref="fl-d6"/>
      </object_component>
      <object_component id="oc-2d0">
         <name>.debug_info</name>
         <load_address>0xf024</load_address>
         <run_address>0xf024</run_address>
         <size>0xc1</size>
         <input_file_ref idref="fl-d6"/>
      </object_component>
      <object_component id="oc-2a1">
         <name>.debug_info</name>
         <load_address>0xf0e5</load_address>
         <run_address>0xf0e5</run_address>
         <size>0x17f</size>
         <input_file_ref idref="fl-d7"/>
      </object_component>
      <object_component id="oc-64">
         <name>.debug_info</name>
         <load_address>0xf264</load_address>
         <run_address>0xf264</run_address>
         <size>0x154</size>
         <input_file_ref idref="fl-d8"/>
      </object_component>
      <object_component id="oc-11a">
         <name>.debug_info</name>
         <load_address>0xf3b8</load_address>
         <run_address>0xf3b8</run_address>
         <size>0x182</size>
         <input_file_ref idref="fl-d9"/>
      </object_component>
      <object_component id="oc-75">
         <name>.debug_info</name>
         <load_address>0xf53a</load_address>
         <run_address>0xf53a</run_address>
         <size>0x183</size>
         <input_file_ref idref="fl-d9"/>
      </object_component>
      <object_component id="oc-1cd">
         <name>.debug_info</name>
         <load_address>0xf6bd</load_address>
         <run_address>0xf6bd</run_address>
         <size>0x5e</size>
         <input_file_ref idref="fl-d9"/>
      </object_component>
      <object_component id="oc-112">
         <name>.debug_info</name>
         <load_address>0xf71b</load_address>
         <run_address>0xf71b</run_address>
         <size>0x161</size>
         <input_file_ref idref="fl-da"/>
      </object_component>
      <object_component id="oc-69">
         <name>.debug_info</name>
         <load_address>0xf87c</load_address>
         <run_address>0xf87c</run_address>
         <size>0x164</size>
         <input_file_ref idref="fl-db"/>
      </object_component>
      <object_component id="oc-122">
         <name>.debug_info</name>
         <load_address>0xf9e0</load_address>
         <run_address>0xf9e0</run_address>
         <size>0x250</size>
         <input_file_ref idref="fl-dc"/>
      </object_component>
      <object_component id="oc-11c">
         <name>.debug_info</name>
         <load_address>0xfc30</load_address>
         <run_address>0xfc30</run_address>
         <size>0x1a1</size>
         <input_file_ref idref="fl-dc"/>
      </object_component>
      <object_component id="oc-7b">
         <name>.debug_info</name>
         <load_address>0xfdd1</load_address>
         <run_address>0xfdd1</run_address>
         <size>0x230</size>
         <input_file_ref idref="fl-dc"/>
      </object_component>
      <object_component id="oc-1dc">
         <name>.debug_info</name>
         <load_address>0x10001</load_address>
         <run_address>0x10001</run_address>
         <size>0x140</size>
         <input_file_ref idref="fl-dd"/>
      </object_component>
      <object_component id="oc-11f">
         <name>.debug_info</name>
         <load_address>0x10141</load_address>
         <run_address>0x10141</run_address>
         <size>0x12f</size>
         <input_file_ref idref="fl-dd"/>
      </object_component>
      <object_component id="oc-1d5">
         <name>.debug_info</name>
         <load_address>0x10270</load_address>
         <run_address>0x10270</run_address>
         <size>0x23b</size>
         <input_file_ref idref="fl-dd"/>
      </object_component>
      <object_component id="oc-279">
         <name>.debug_info</name>
         <load_address>0x104ab</load_address>
         <run_address>0x104ab</run_address>
         <size>0x1b5</size>
         <input_file_ref idref="fl-de"/>
      </object_component>
      <object_component id="oc-229">
         <name>.debug_info</name>
         <load_address>0x10660</load_address>
         <run_address>0x10660</run_address>
         <size>0x142</size>
         <input_file_ref idref="fl-de"/>
      </object_component>
      <object_component id="oc-175">
         <name>.debug_info</name>
         <load_address>0x107a2</load_address>
         <run_address>0x107a2</run_address>
         <size>0x4bd</size>
         <input_file_ref idref="fl-de"/>
      </object_component>
      <object_component id="oc-21f">
         <name>.debug_info</name>
         <load_address>0x10c5f</load_address>
         <run_address>0x10c5f</run_address>
         <size>0x39</size>
         <input_file_ref idref="fl-de"/>
      </object_component>
      <object_component id="oc-232">
         <name>.debug_info</name>
         <load_address>0x10c98</load_address>
         <run_address>0x10c98</run_address>
         <size>0x16c</size>
         <input_file_ref idref="fl-df"/>
      </object_component>
      <object_component id="oc-196">
         <name>.debug_info</name>
         <load_address>0x10e04</load_address>
         <run_address>0x10e04</run_address>
         <size>0x258</size>
         <input_file_ref idref="fl-df"/>
      </object_component>
      <object_component id="oc-1bd">
         <name>.debug_info</name>
         <load_address>0x1105c</load_address>
         <run_address>0x1105c</run_address>
         <size>0x1fc</size>
         <input_file_ref idref="fl-e0"/>
      </object_component>
      <object_component id="oc-10c">
         <name>.debug_info</name>
         <load_address>0x11258</load_address>
         <run_address>0x11258</run_address>
         <size>0x19f</size>
         <input_file_ref idref="fl-e0"/>
      </object_component>
      <object_component id="oc-23b">
         <name>.debug_info</name>
         <load_address>0x113f7</load_address>
         <run_address>0x113f7</run_address>
         <size>0x2c</size>
         <input_file_ref idref="fl-e0"/>
      </object_component>
      <object_component id="oc-18d">
         <name>.debug_info</name>
         <load_address>0x11423</load_address>
         <run_address>0x11423</run_address>
         <size>0x182</size>
         <input_file_ref idref="fl-e1"/>
      </object_component>
      <object_component id="oc-86">
         <name>.debug_info</name>
         <load_address>0x115a5</load_address>
         <run_address>0x115a5</run_address>
         <size>0x23e</size>
         <input_file_ref idref="fl-e2"/>
      </object_component>
      <object_component id="oc-2c">
         <name>.debug_info</name>
         <load_address>0x117e3</load_address>
         <run_address>0x117e3</run_address>
         <size>0x11d</size>
         <input_file_ref idref="fl-e2"/>
      </object_component>
      <object_component id="oc-2fc">
         <name>.debug_info</name>
         <load_address>0x11900</load_address>
         <run_address>0x11900</run_address>
         <size>0x168</size>
         <input_file_ref idref="fl-e2"/>
      </object_component>
      <object_component id="oc-2e0">
         <name>.debug_info</name>
         <load_address>0x11a68</load_address>
         <run_address>0x11a68</run_address>
         <size>0x8a7</size>
         <input_file_ref idref="fl-e2"/>
      </object_component>
      <object_component id="oc-128">
         <name>.debug_info</name>
         <load_address>0x1230f</load_address>
         <run_address>0x1230f</run_address>
         <size>0x2c</size>
         <input_file_ref idref="fl-e2"/>
      </object_component>
      <object_component id="oc-12d">
         <name>.debug_info</name>
         <load_address>0x1233b</load_address>
         <run_address>0x1233b</run_address>
         <size>0x62</size>
         <input_file_ref idref="fl-e2"/>
      </object_component>
      <object_component id="oc-81">
         <name>.debug_info</name>
         <load_address>0x1239d</load_address>
         <run_address>0x1239d</run_address>
         <size>0x125</size>
         <input_file_ref idref="fl-e3"/>
      </object_component>
      <object_component id="oc-3f">
         <name>.debug_info</name>
         <load_address>0x124c2</load_address>
         <run_address>0x124c2</run_address>
         <size>0x12d</size>
         <input_file_ref idref="fl-e4"/>
      </object_component>
      <object_component id="oc-57">
         <name>.debug_info</name>
         <load_address>0x125ef</load_address>
         <run_address>0x125ef</run_address>
         <size>0x15b</size>
         <input_file_ref idref="fl-e5"/>
      </object_component>
      <object_component id="oc-21d">
         <name>.debug_info</name>
         <load_address>0x1274a</load_address>
         <run_address>0x1274a</run_address>
         <size>0x21d</size>
         <input_file_ref idref="fl-e6"/>
      </object_component>
      <object_component id="oc-20f">
         <name>.debug_info</name>
         <load_address>0x12967</load_address>
         <run_address>0x12967</run_address>
         <size>0x139</size>
         <input_file_ref idref="fl-e6"/>
      </object_component>
      <object_component id="oc-15f">
         <name>.debug_info</name>
         <load_address>0x12aa0</load_address>
         <run_address>0x12aa0</run_address>
         <size>0xb91</size>
         <input_file_ref idref="fl-e6"/>
      </object_component>
      <object_component id="oc-20c">
         <name>.debug_info</name>
         <load_address>0x13631</load_address>
         <run_address>0x13631</run_address>
         <size>0x10f</size>
         <input_file_ref idref="fl-e7"/>
      </object_component>
      <object_component id="oc-272">
         <name>.debug_info</name>
         <load_address>0x13740</load_address>
         <run_address>0x13740</run_address>
         <size>0x198</size>
         <input_file_ref idref="fl-e8"/>
      </object_component>
      <object_component id="oc-217">
         <name>.debug_info</name>
         <load_address>0x138d8</load_address>
         <run_address>0x138d8</run_address>
         <size>0x1f1</size>
         <input_file_ref idref="fl-e8"/>
      </object_component>
      <object_component id="oc-26d">
         <name>.debug_info</name>
         <load_address>0x13ac9</load_address>
         <run_address>0x13ac9</run_address>
         <size>0x2c</size>
         <input_file_ref idref="fl-e8"/>
      </object_component>
      <object_component id="oc-267">
         <name>.debug_info</name>
         <load_address>0x13af5</load_address>
         <run_address>0x13af5</run_address>
         <size>0x172</size>
         <input_file_ref idref="fl-e9"/>
      </object_component>
      <object_component id="oc-190">
         <name>.debug_info</name>
         <load_address>0x13c67</load_address>
         <run_address>0x13c67</run_address>
         <size>0x193</size>
         <input_file_ref idref="fl-ea"/>
      </object_component>
      <object_component id="oc-226">
         <name>.debug_info</name>
         <load_address>0x13dfa</load_address>
         <run_address>0x13dfa</run_address>
         <size>0x165</size>
         <input_file_ref idref="fl-eb"/>
      </object_component>
      <object_component id="oc-16a">
         <name>.debug_info</name>
         <load_address>0x13f5f</load_address>
         <run_address>0x13f5f</run_address>
         <size>0x25c</size>
         <input_file_ref idref="fl-eb"/>
      </object_component>
      <object_component id="oc-350">
         <name>.debug_info</name>
         <load_address>0x141bb</load_address>
         <run_address>0x141bb</run_address>
         <size>0xba</size>
      </object_component>
      <object_component id="oc-207">
         <name>.debug_line</name>
         <load_address>0x0</load_address>
         <run_address>0x0</run_address>
         <size>0x36</size>
         <input_file_ref idref="fl-2"/>
      </object_component>
      <object_component id="oc-b0">
         <name>.debug_line</name>
         <load_address>0x36</load_address>
         <run_address>0x36</run_address>
         <size>0x12c</size>
         <input_file_ref idref="fl-2"/>
      </object_component>
      <object_component id="oc-ed">
         <name>.debug_line</name>
         <load_address>0x162</load_address>
         <run_address>0x162</run_address>
         <size>0x32</size>
         <input_file_ref idref="fl-2"/>
      </object_component>
      <object_component id="oc-1b5">
         <name>.debug_line</name>
         <load_address>0x194</load_address>
         <run_address>0x194</run_address>
         <size>0x6e</size>
         <input_file_ref idref="fl-2"/>
      </object_component>
      <object_component id="oc-cd">
         <name>.debug_line</name>
         <load_address>0x202</load_address>
         <run_address>0x202</run_address>
         <size>0x20</size>
         <input_file_ref idref="fl-2"/>
      </object_component>
      <object_component id="oc-c8">
         <name>.debug_line</name>
         <load_address>0x222</load_address>
         <run_address>0x222</run_address>
         <size>0x6f</size>
         <input_file_ref idref="fl-2"/>
      </object_component>
      <object_component id="oc-1ba">
         <name>.debug_line</name>
         <load_address>0x291</load_address>
         <run_address>0x291</run_address>
         <size>0x6f</size>
         <input_file_ref idref="fl-2"/>
      </object_component>
      <object_component id="oc-d4">
         <name>.debug_line</name>
         <load_address>0x300</load_address>
         <run_address>0x300</run_address>
         <size>0x36</size>
         <input_file_ref idref="fl-2"/>
      </object_component>
      <object_component id="oc-205">
         <name>.debug_line</name>
         <load_address>0x336</load_address>
         <run_address>0x336</run_address>
         <size>0x20</size>
         <input_file_ref idref="fl-3"/>
      </object_component>
      <object_component id="oc-aa">
         <name>.debug_line</name>
         <load_address>0x356</load_address>
         <run_address>0x356</run_address>
         <size>0x1b8</size>
         <input_file_ref idref="fl-3"/>
      </object_component>
      <object_component id="oc-238">
         <name>.debug_line</name>
         <load_address>0x50e</load_address>
         <run_address>0x50e</run_address>
         <size>0x36</size>
         <input_file_ref idref="fl-4"/>
      </object_component>
      <object_component id="oc-c2">
         <name>.debug_line</name>
         <load_address>0x544</load_address>
         <run_address>0x544</run_address>
         <size>0x15a</size>
         <input_file_ref idref="fl-4"/>
      </object_component>
      <object_component id="oc-1ac">
         <name>.debug_line</name>
         <load_address>0x69e</load_address>
         <run_address>0x69e</run_address>
         <size>0x36</size>
         <input_file_ref idref="fl-4"/>
      </object_component>
      <object_component id="oc-235">
         <name>.debug_line</name>
         <load_address>0x6d4</load_address>
         <run_address>0x6d4</run_address>
         <size>0x6d</size>
         <input_file_ref idref="fl-5"/>
      </object_component>
      <object_component id="oc-bc">
         <name>.debug_line</name>
         <load_address>0x741</load_address>
         <run_address>0x741</run_address>
         <size>0xcc</size>
         <input_file_ref idref="fl-5"/>
      </object_component>
      <object_component id="oc-de">
         <name>.debug_line</name>
         <load_address>0x80d</load_address>
         <run_address>0x80d</run_address>
         <size>0x2f</size>
         <input_file_ref idref="fl-5"/>
      </object_component>
      <object_component id="oc-1f9">
         <name>.debug_line</name>
         <load_address>0x83c</load_address>
         <run_address>0x83c</run_address>
         <size>0x31</size>
         <input_file_ref idref="fl-6"/>
      </object_component>
      <object_component id="oc-247">
         <name>.debug_line</name>
         <load_address>0x86d</load_address>
         <run_address>0x86d</run_address>
         <size>0x31</size>
         <input_file_ref idref="fl-6"/>
      </object_component>
      <object_component id="oc-14e">
         <name>.debug_line</name>
         <load_address>0x89e</load_address>
         <run_address>0x89e</run_address>
         <size>0x31</size>
         <input_file_ref idref="fl-6"/>
      </object_component>
      <object_component id="oc-142">
         <name>.debug_line</name>
         <load_address>0x8cf</load_address>
         <run_address>0x8cf</run_address>
         <size>0x31</size>
         <input_file_ref idref="fl-6"/>
      </object_component>
      <object_component id="oc-149">
         <name>.debug_line</name>
         <load_address>0x900</load_address>
         <run_address>0x900</run_address>
         <size>0x31</size>
         <input_file_ref idref="fl-6"/>
      </object_component>
      <object_component id="oc-256">
         <name>.debug_line</name>
         <load_address>0x931</load_address>
         <run_address>0x931</run_address>
         <size>0x31</size>
[...]
         <object_component_ref idref="oc-326"/>
      </symbol>
      <symbol id="sm-3ae">
         <name>_ZN10__cxxabiv117__pbase_type_infoD1Ev</name>
         <value>0x3d69</value>
         <object_component_ref idref="oc-288"/>
      </symbol>
      <symbol id="sm-3af">
         <name>_ZTVN10__cxxabiv123__fundamental_type_infoE</name>
         <value>0x4738</value>
         <object_component_ref idref="oc-306"/>
      </symbol>
      <symbol id="sm-3b0">
         <name>_ZTSN10__cxxabiv120__si_class_type_infoE</name>
         <value>0x4618</value>
         <object_component_ref idref="oc-2a7"/>
      </symbol>
      <symbol id="sm-3b1">
         <name>_ZN10__cxxabiv117__array_type_infoD1Ev</name>
         <value>0x3d7d</value>
         <object_component_ref idref="oc-288"/>
      </symbol>
      <symbol id="sm-3b2">
         <name>_ZTVN10__cxxabiv119__pointer_type_infoE</name>
         <value>0x4718</value>
         <object_component_ref idref="oc-2e7"/>
      </symbol>
      <symbol id="sm-3b3">
         <name>_ZTSPKe</name>
         <value>0x47ec</value>
         <object_component_ref idref="oc-2ec"/>
      </symbol>
      <symbol id="sm-3b4">
         <name>_ZNKSt9type_infoneERKS_</name>
         <value>0x3cf3</value>
         <object_component_ref idref="oc-288"/>
      </symbol>
      <symbol id="sm-3b5">
         <name>_ZN10__cxxabiv119__pointer_type_infoD1Ev</name>
         <value>0x3d5f</value>
         <object_component_ref idref="oc-288"/>
      </symbol>
      <symbol id="sm-3b6">
         <name>_ZNSt9type_infoD2Ev</name>
         <value>0x3ce5</value>
         <object_component_ref idref="oc-288"/>
      </symbol>
      <symbol id="sm-3b7">
         <name>_ZNKSt9type_info6beforeERKS_</name>
         <value>0x3d1f</value>
         <object_component_ref idref="oc-288"/>
      </symbol>
      <symbol id="sm-3b8">
         <name>_ZN10__cxxabiv123__fundamental_type_infoD1Ev</name>
         <value>0x3d37</value>
         <object_component_ref idref="oc-288"/>
      </symbol>
      <symbol id="sm-3b9">
         <name>_ZTSN10__cxxabiv119__pointer_type_infoE</name>
         <value>0x463d</value>
         <object_component_ref idref="oc-312"/>
      </symbol>
      <symbol id="sm-3ba">
         <name>_ZN10__cxxabiv121__vmi_class_type_infoD2Ev</name>
         <value>0x3d41</value>
         <object_component_ref idref="oc-288"/>
      </symbol>
      <symbol id="sm-3bb">
         <name>_ZTSN10__cxxabiv117__class_type_infoE</name>
         <value>0x4661</value>
         <object_component_ref idref="oc-2d5"/>
      </symbol>
      <symbol id="sm-3bc">
         <name>_ZN10__cxxabiv120__function_type_infoD2Ev</name>
         <value>0x3d55</value>
         <object_component_ref idref="oc-288"/>
      </symbol>
      <symbol id="sm-3bd">
         <name>_ZN10__cxxabiv117__class_type_infoD2Ev</name>
         <value>0x3d73</value>
         <object_component_ref idref="oc-288"/>
      </symbol>
      <symbol id="sm-3be">
         <name>_ZN10__cxxabiv116__enum_type_infoD2Ev</name>
         <value>0x3d87</value>
         <object_component_ref idref="oc-288"/>
      </symbol>
      <symbol id="sm-3bf">
         <name>_ZN10__cxxabiv119__pointer_type_infoD2Ev</name>
         <value>0x3d5f</value>
         <object_component_ref idref="oc-288"/>
      </symbol>
      <symbol id="sm-3c0">
         <name>_ZN10__cxxabiv120__si_class_type_infoD2Ev</name>
         <value>0x3d4b</value>
         <object_component_ref idref="oc-288"/>
      </symbol>
      <symbol id="sm-3c1">
         <name>_ZN10__cxxabiv117__pbase_type_infoD2Ev</name>
         <value>0x3d69</value>
         <object_component_ref idref="oc-288"/>
      </symbol>
      <symbol id="sm-3c2">
         <name>_ZTVN10__cxxabiv117__class_type_infoE</name>
         <value>0x4708</value>
         <object_component_ref idref="oc-291"/>
      </symbol>
      <symbol id="sm-3c3">
         <name>_ZN10__cxxabiv117__array_type_infoD2Ev</name>
         <value>0x3d7d</value>
         <object_component_ref idref="oc-288"/>
      </symbol>
      <symbol id="sm-3c4">
         <name>_ZNSt9type_infoD1Ev</name>
         <value>0x3ce5</value>
         <object_component_ref idref="oc-288"/>
      </symbol>
      <symbol id="sm-3c5">
         <name>_ZTIN10__cxxabiv123__fundamental_type_infoE</name>
         <value>0x47ac</value>
         <object_component_ref idref="oc-31c"/>
      </symbol>
      <symbol id="sm-3c6">
         <name>_ZTISt9type_info</name>
         <value>0x47c0</value>
         <object_component_ref idref="oc-2da"/>
      </symbol>
      <symbol id="sm-3c7">
         <name>_ZN10__cxxabiv123__fundamental_type_infoD0Ev</name>
         <value>0x3d39</value>
         <object_component_ref idref="oc-288"/>
      </symbol>
      <symbol id="sm-3c8">
         <name>_ZTIN10__cxxabiv117__pbase_type_infoE</name>
         <value>0x4788</value>
         <object_component_ref idref="oc-317"/>
      </symbol>
      <symbol id="sm-3c9">
         <name>_ZTSe</name>
         <value>0x46a5</value>
         <object_component_ref idref="oc-30b"/>
      </symbol>
      <symbol id="sm-3ca">
         <name>_ZNKSt9type_info4nameEv</name>
         <value>0x3cef</value>
         <object_component_ref idref="oc-288"/>
      </symbol>
      <symbol id="sm-3cb">
         <name>_ZTIN10__cxxabiv117__class_type_infoE</name>
         <value>0x477c</value>
         <object_component_ref idref="oc-2ac"/>
      </symbol>
      <symbol id="sm-3cc">
         <name>_ZN10__cxxabiv129__pointer_to_member_type_infoD0Ev</name>
         <value>0x3d2f</value>
         <object_component_ref idref="oc-288"/>
      </symbol>
      <symbol id="sm-3cd">
         <name>_ZN10__cxxabiv120__si_class_type_infoD1Ev</name>
         <value>0x3d4b</value>
         <object_component_ref idref="oc-288"/>
      </symbol>
      <symbol id="sm-3ce">
         <name>_ZTIN10__cxxabiv120__si_class_type_infoE</name>
         <value>0x47a0</value>
         <object_component_ref idref="oc-283"/>
      </symbol>
      <symbol id="sm-3cf">
         <name>_ZNSt9type_infoD0Ev</name>
         <value>0x3ce7</value>
         <object_component_ref idref="oc-288"/>
      </symbol>
      <symbol id="sm-3d0">
         <name>_ZN10__cxxabiv120__function_type_infoD0Ev</name>
         <value>0x3d57</value>
         <object_component_ref idref="oc-288"/>
      </symbol>
      <symbol id="sm-3d1">
         <name>_ZN10__cxxabiv117__class_type_infoD0Ev</name>
         <value>0x3d75</value>
         <object_component_ref idref="oc-288"/>
      </symbol>
      <symbol id="sm-3d2">
         <name>_ZTSN10__cxxabiv117__pbase_type_infoE</name>
         <value>0x4683</value>
         <object_component_ref idref="oc-321"/>
      </symbol>
      <symbol id="sm-3d3">
         <name>_ZN10__cxxabiv116__enum_type_infoD0Ev</name>
         <value>0x3d89</value>
         <object_component_ref idref="oc-288"/>
      </symbol>
      <symbol id="sm-3d4">
         <name>_ZTIe</name>
         <value>0x47c8</value>
         <object_component_ref idref="oc-2f1"/>
      </symbol>
      <symbol id="sm-3d5">
         <name>_ZN10__cxxabiv121__vmi_class_type_infoD0Ev</name>
         <value>0x3d43</value>
         <object_component_ref idref="oc-288"/>
      </symbol>
      <symbol id="sm-3d6">
         <name>_ZTVN10__cxxabiv120__si_class_type_infoE</name>
         <value>0x4728</value>
         <object_component_ref idref="oc-248"/>
      </symbol>
      <symbol id="sm-3d7">
         <name>_ZN10__cxxabiv117__pbase_type_infoD0Ev</name>
         <value>0x3d6b</value>
         <object_component_ref idref="oc-288"/>
      </symbol>
      <symbol id="sm-3d8">
         <name>_ZN10__cxxabiv117__array_type_infoD0Ev</name>
         <value>0x3d7f</value>
         <object_component_ref idref="oc-288"/>
      </symbol>
      <symbol id="sm-3d9">
         <name>_ZSt21__gen_dummy_typeinfosv</name>
         <value>0x3cdd</value>
         <object_component_ref idref="oc-288"/>
      </symbol>
      <symbol id="sm-3da">
         <name>_ZN10__cxxabiv129__pointer_to_member_type_infoD1Ev</name>
         <value>0x3d2d</value>
         <object_component_ref idref="oc-288"/>
      </symbol>
      <symbol id="sm-3db">
         <name>_ZN10__cxxabiv119__pointer_type_infoD0Ev</name>
         <value>0x3d61</value>
         <object_component_ref idref="oc-288"/>
      </symbol>
      <symbol id="sm-3dc">
         <name>_ZN10__cxxabiv120__si_class_type_infoD0Ev</name>
         <value>0x3d4d</value>
         <object_component_ref idref="oc-288"/>
      </symbol>
      <symbol id="sm-3dd">
         <name>_ZTIPKe</name>
         <value>0x46f8</value>
         <object_component_ref idref="oc-2b8"/>
      </symbol>
      <symbol id="sm-3de">
         <name>_ZNKSt9type_infoeqERKS_</name>
         <value>0x3d09</value>
         <object_component_ref idref="oc-288"/>
      </symbol>
      <symbol id="sm-3ec">
         <name>_ZdlPv</name>
         <value>0x4503</value>
         <object_component_ref idref="oc-2b1"/>
      </symbol>
      <symbol id="sm-411">
         <name>__TI_auto_init</name>
         <value>0x4115</value>
         <object_component_ref idref="oc-6e"/>
      </symbol>
      <symbol id="sm-428">
         <name>__TI_decompress_none</name>
         <value>0x44dd</value>
         <object_component_ref idref="oc-12"/>
      </symbol>
      <symbol id="sm-450">
         <name>__TI_decompress_rle24</name>
         <value>0x4511</value>
         <object_component_ref idref="oc-18"/>
      </symbol>
      <symbol id="sm-473">
         <name>__aeabi_cdcmpeq</name>
         <value>0x3f8d</value>
         <object_component_ref idref="oc-211"/>
      </symbol>
      <symbol id="sm-474">
         <name>__aeabi_cdcmple</name>
         <value>0x3f8d</value>
         <object_component_ref idref="oc-211"/>
      </symbol>
      <symbol id="sm-475">
         <name>__aeabi_cdrcmple</name>
         <value>0x4013</value>
         <object_component_ref idref="oc-1a3"/>
      </symbol>
      <symbol id="sm-481">
         <name>__aeabi_d2f</name>
         <value>0x4185</value>
         <object_component_ref idref="oc-184"/>
      </symbol>
      <symbol id="sm-48b">
         <name>__aeabi_d2iz</name>
         <value>0x43a5</value>
         <object_component_ref idref="oc-17f"/>
      </symbol>
      <symbol id="sm-4a2">
         <name>__aeabi_dsub</name>
         <value>0x3595</value>
         <object_component_ref idref="oc-164"/>
      </symbol>
      <symbol id="sm-4a3">
         <name>__aeabi_dadd</name>
         <value>0x359f</value>
         <object_component_ref idref="oc-164"/>
      </symbol>
      <symbol id="sm-4b7">
         <name>__aeabi_ddiv</name>
         <value>0x38bd</value>
         <object_component_ref idref="oc-16f"/>
      </symbol>
      <symbol id="sm-4c2">
         <name>__aeabi_dmul</name>
         <value>0x39f3</value>
         <object_component_ref idref="oc-17a"/>
      </symbol>
      <symbol id="sm-4cd">
         <name>__aeabi_f2d</name>
         <value>0x43ed</value>
         <object_component_ref idref="oc-159"/>
      </symbol>
      <symbol id="sm-4d7">
         <name>__aeabi_i2d</name>
         <value>0x4425</value>
         <object_component_ref idref="oc-19b"/>
      </symbol>
      <symbol id="sm-4e6">
         <name>__cxa_pure_virtual</name>
         <value>0x4517</value>
         <object_component_ref idref="oc-27d"/>
      </symbol>
      <symbol id="sm-4f0">
         <name>__abort_execution</name>
         <value>0x451d</value>
         <object_component_ref idref="oc-2a0"/>
      </symbol>
      <symbol id="sm-4fa">
         <name>__mpu_init</name>
         <value>0x374b</value>
         <object_component_ref idref="oc-62"/>
      </symbol>
      <symbol id="sm-50e">
         <name>_args_main</name>
         <value>0x449d</value>
         <object_component_ref idref="oc-74"/>
      </symbol>
      <symbol id="sm-518">
         <name>_system_post_cinit</name>
         <value>0x3aef</value>
         <object_component_ref idref="oc-111"/>
      </symbol>
      <symbol id="sm-522">
         <name>_system_pre_init</name>
         <value>0x4521</value>
         <object_component_ref idref="oc-68"/>
      </symbol>
      <symbol id="sm-543">
         <name>C$$EXIT</name>
         <value>0x4305</value>
         <object_component_ref idref="oc-7a"/>
      </symbol>
      <symbol id="sm-544">
         <name>abort</name>
         <value>0x4309</value>
         <object_component_ref idref="oc-7a"/>
      </symbol>
      <symbol id="sm-545">
         <name>exit</name>
         <value>0x4311</value>
         <object_component_ref idref="oc-7a"/>
      </symbol>
      <symbol id="sm-546">
         <name>__TI_dtors_ptr</name>
         <value>0x20000204</value>
         <object_component_ref idref="oc-11b"/>
      </symbol>
      <symbol id="sm-547">
         <name>__TI_cleanup_ptr</name>
         <value>0x20000200</value>
         <object_component_ref idref="oc-11b"/>
      </symbol>
      <symbol id="sm-548">
         <name>__TI_enable_exit_profile_output</name>
         <value>0x20000208</value>
         <object_component_ref idref="oc-11b"/>
      </symbol>
      <symbol id="sm-561">
         <name>_nop</name>
         <value>0x44c3</value>
         <object_component_ref idref="oc-1d4"/>
      </symbol>
      <symbol id="sm-562">
         <name>_lock</name>
         <value>0x20000218</value>
         <object_component_ref idref="oc-11e"/>
      </symbol>
      <symbol id="sm-563">
         <name>_unlock</name>
         <value>0x2000021c</value>
         <object_component_ref idref="oc-11e"/>
      </symbol>
      <symbol id="sm-564">
         <name>_register_lock</name>
         <value>0x44bb</value>
         <object_component_ref idref="oc-1d4"/>
      </symbol>
      <symbol id="sm-565">
         <name>_register_unlock</name>
         <value>0x44b5</value>
         <object_component_ref idref="oc-1d4"/>
      </symbol>
      <symbol id="sm-59d">
         <name>atanl</name>
         <value>0x30bd</value>
         <object_component_ref idref="oc-174"/>
      </symbol>
      <symbol id="sm-59e">
         <name>atan</name>
         <value>0x30bd</value>
         <object_component_ref idref="oc-174"/>
      </symbol>
      <symbol id="sm-5d8">
         <name>atan2</name>
         <value>0x33a9</value>
         <object_component_ref idref="oc-195"/>
      </symbol>
      <symbol id="sm-5d9">
         <name>atan2l</name>
         <value>0x33a9</value>
         <object_component_ref idref="oc-195"/>
      </symbol>
      <symbol id="sm-5f3">
         <name>copy_in</name>
         <value>0x4359</value>
         <object_component_ref idref="oc-10b"/>
      </symbol>
      <symbol id="sm-607">
         <name>cosf</name>
         <value>0x3d99</value>
         <object_component_ref idref="oc-189"/>
      </symbol>
      <symbol id="sm-67b">
         <name>_sys_memory</name>
         <value>0x20000230</value>
         <object_component_ref idref="oc-2b"/>
      </symbol>
      <symbol id="sm-67c">
         <name>free</name>
         <value>0x2dd7</value>
         <object_component_ref idref="oc-2df"/>
      </symbol>
      <symbol id="sm-67d">
         <name>realloc</name>
         <value>0x2e99</value>
         <object_component_ref idref="oc-2df"/>
      </symbol>
      <symbol id="sm-67e">
         <name>memalign</name>
         <value>0x2fa5</value>
         <object_component_ref idref="oc-2df"/>
      </symbol>
      <symbol id="sm-67f">
         <name>calloc</name>
         <value>0x3089</value>
         <object_component_ref idref="oc-2df"/>
      </symbol>
      <symbol id="sm-680">
         <name>malloc</name>
         <value>0x2d6f</value>
         <object_component_ref idref="oc-2df"/>
      </symbol>
      <symbol id="sm-681">
         <name>minit</name>
         <value>0x2ce1</value>
         <object_component_ref idref="oc-2df"/>
      </symbol>
      <symbol id="sm-689">
         <name>main_func_sp</name>
         <value>0x20000224</value>
         <object_component_ref idref="oc-80"/>
      </symbol>
      <symbol id="sm-6a4">
         <name>memcpy</name>
         <value>0x3ef1</value>
         <object_component_ref idref="oc-3d"/>
      </symbol>
      <symbol id="sm-6a5">
         <name>__aeabi_memcpy</name>
         <value>0x3ef1</value>
         <object_component_ref idref="oc-3d"/>
      </symbol>
      <symbol id="sm-6a6">
         <name>__aeabi_memcpy8</name>
         <value>0x3ef1</value>
         <object_component_ref idref="oc-3d"/>
      </symbol>
      <symbol id="sm-6a7">
         <name>__aeabi_memcpy4</name>
         <value>0x3ef1</value>
         <object_component_ref idref="oc-3d"/>
      </symbol>
      <symbol id="sm-6b6">
         <name>__aeabi_memset</name>
         <value>0x409b</value>
         <object_component_ref idref="oc-56"/>
      </symbol>
      <symbol id="sm-6b7">
         <name>memset</name>
         <value>0x40a1</value>
         <object_component_ref idref="oc-56"/>
      </symbol>
      <symbol id="sm-6b8">
         <name>__aeabi_memset8</name>
         <value>0x409b</value>
         <object_component_ref idref="oc-56"/>
      </symbol>
      <symbol id="sm-6b9">
         <name>__aeabi_memset4</name>
         <value>0x409b</value>
         <object_component_ref idref="oc-56"/>
      </symbol>
      <symbol id="sm-6ba">
         <name>__aeabi_memclr8</name>
         <value>0x4099</value>
         <object_component_ref idref="oc-56"/>
      </symbol>
      <symbol id="sm-6bb">
         <name>__aeabi_memclr4</name>
         <value>0x4099</value>
         <object_component_ref idref="oc-56"/>
      </symbol>
      <symbol id="sm-6bc">
         <name>__aeabi_memclr</name>
         <value>0x4099</value>
         <object_component_ref idref="oc-56"/>
      </symbol>
      <symbol id="sm-746">
         <name>pow</name>
         <value>0x26d</value>
         <object_component_ref idref="oc-15e"/>
      </symbol>
      <symbol id="sm-747">
         <name>powl</name>
         <value>0x26d</value>
         <object_component_ref idref="oc-15e"/>
      </symbol>
      <symbol id="sm-74f">
         <name>errno</name>
         <value>0x20000220</value>
         <object_component_ref idref="oc-20b"/>
      </symbol>
      <symbol id="sm-771">
         <name>scalbn</name>
         <value>0x3af1</value>
         <object_component_ref idref="oc-216"/>
      </symbol>
      <symbol id="sm-772">
         <name>scalbnl</name>
         <value>0x3af1</value>
         <object_component_ref idref="oc-216"/>
      </symbol>
      <symbol id="sm-773">
         <name>ldexpl</name>
         <value>0x3af1</value>
         <object_component_ref idref="oc-216"/>
      </symbol>
      <symbol id="sm-774">
         <name>ldexp</name>
         <value>0x3af1</value>
         <object_component_ref idref="oc-216"/>
      </symbol>
      <symbol id="sm-77e">
         <name>copysign</name>
         <value>0x44c9</value>
         <object_component_ref idref="oc-266"/>
      </symbol>
      <symbol id="sm-77f">
         <name>copysignl</name>
         <value>0x44c9</value>
         <object_component_ref idref="oc-266"/>
      </symbol>
      <symbol id="sm-791">
         <name>sinf</name>
         <value>0x3e4d</value>
         <object_component_ref idref="oc-18f"/>
      </symbol>
      <symbol id="sm-7b5">
         <name>sqrtl</name>
         <value>0x374d</value>
         <object_component_ref idref="oc-169"/>
      </symbol>
      <symbol id="sm-7b6">
         <name>sqrt</name>
         <value>0x374d</value>
         <object_component_ref idref="oc-169"/>
      </symbol>
      <symbol id="sm-7b7">
         <name>__TI_static_base__</name>
         <value>0x0</value>
      </symbol>
      <symbol id="sm-7ba">
         <name>SHT$$INIT_ARRAY$$Limit</name>
         <value>0x0</value>
      </symbol>
      <symbol id="sm-7bb">
         <name>SHT$$INIT_ARRAY$$Base</name>
         <value>0x0</value>
      </symbol>
   </symbol_table>
   <title>Link successful</title>
</link_info>
